2026-04-25 10:30:15 ERROR Database connection failed 
2026-04-25 10:30:16 WARN Retry attempt 1 
2026-04-25 10:30:17 INFO User login: admin 
2026-04-25 11:00:00 ERROR Timeout 
2026-04-25 11:05:00 WARN Memory usage high 
2026-04-25 11:10:00 INFO Task completed 
2026-04-25 12:00:00 ERROR Server crash 
